error something failed
all good
